MPLINK 4.49, Linker
Linker Map File - Created Fri Jan 27 10:44:56 2023

                                 Section Info
                  Section       Type    Address   Location Size(Bytes)
                ---------  ---------  ---------  ---------  ---------
                   .org_0       code   0x000000    program   0x000538
                   .cinit    romdata   0x000538    program   0x000002
.config_300000_PROTOTIPO.O    romdata   0x300000    program   0x000001
.config_300001_PROTOTIPO.O    romdata   0x300001    program   0x000001
.config_300002_PROTOTIPO.O    romdata   0x300002    program   0x000001
.config_300003_PROTOTIPO.O    romdata   0x300003    program   0x000001
.config_300005_PROTOTIPO.O    romdata   0x300005    program   0x000001
.config_300006_PROTOTIPO.O    romdata   0x300006    program   0x000001
.config_300008_PROTOTIPO.O    romdata   0x300008    program   0x000001
.config_300009_PROTOTIPO.O    romdata   0x300009    program   0x000001
.config_30000A_PROTOTIPO.O    romdata   0x30000a    program   0x000001
.config_30000B_PROTOTIPO.O    romdata   0x30000b    program   0x000001
.config_30000C_PROTOTIPO.O    romdata   0x30000c    program   0x000001
.config_30000D_PROTOTIPO.O    romdata   0x30000d    program   0x000001



                              Program Memory Usage 
                               Start         End      
                           ---------   ---------      
                            0x000000    0x000539      
                            0x300000    0x300003      
                            0x300005    0x300006      
                            0x300008    0x30000d      
            1350 out of 33048 program addresses used, program memory utilization is 4%



                              Symbols - Sorted by Name
                     Name    Address   Location    Storage File                     
                ---------  ---------  ---------  --------- ---------                
                    AGAIN   0x000036    program     static I:\Micros\CodigosPrueba\PRACTICAS\SEGUIDOR\SL\PROTOTIPO.asm
                    B2BCD   0x0001fe    program     static I:\Micros\CodigosPrueba\PRACTICAS\SEGUIDOR\SL\B2BCD.inc
                   B2BCD2   0x000246    program     static I:\Micros\CodigosPrueba\PRACTICAS\SEGUIDOR\SL\B2BCD2.inc
                  BARRIDO   0x0002e6    program     static I:\Micros\CodigosPrueba\PRACTICAS\SEGUIDOR\SL\BARRIDO.inc
                     CERO   0x000398    program     static I:\Micros\CodigosPrueba\PRACTICAS\SEGUIDOR\SL\BARRIDO.inc
                   CICLO1   0x00024c    program     static I:\Micros\CodigosPrueba\PRACTICAS\SEGUIDOR\SL\B2BCD2.inc
                    CINCO   0x000476    program     static I:\Micros\CodigosPrueba\PRACTICAS\SEGUIDOR\SL\BARRIDO.inc
                   CUATRO   0x000344    program     static I:\Micros\CodigosPrueba\PRACTICAS\SEGUIDOR\SL\BARRIDO.inc
               DISPLAY_ON   0x000130    program     static I:\Micros\CodigosPrueba\PRACTICAS\SEGUIDOR\SL\LCD_4.inc
                      DOS   0x000448    program     static I:\Micros\CodigosPrueba\PRACTICAS\SEGUIDOR\SL\BARRIDO.inc
                    Delay   0x0001ae    program     static I:\Micros\CodigosPrueba\PRACTICAS\SEGUIDOR\SL\LCD_4.inc
                   ENABLE   0x000162    program     static I:\Micros\CodigosPrueba\PRACTICAS\SEGUIDOR\SL\LCD_4.inc
                 ENDB2BCD   0x000244    program     static I:\Micros\CodigosPrueba\PRACTICAS\SEGUIDOR\SL\B2BCD.inc
                    ENDED   0x00025a    program     static I:\Micros\CodigosPrueba\PRACTICAS\SEGUIDOR\SL\B2BCD2.inc
               FINBARRIDO   0x0004b0    program     static I:\Micros\CodigosPrueba\PRACTICAS\SEGUIDOR\SL\BARRIDO.inc
              LCD_2LINEAS   0x000136    program     static I:\Micros\CodigosPrueba\PRACTICAS\SEGUIDOR\SL\LCD_4.inc
                LCD_BORRA   0x00012a    program     static I:\Micros\CodigosPrueba\PRACTICAS\SEGUIDOR\SL\LCD_4.inc
             LCD_CARACTER   0x00016c    program     static I:\Micros\CodigosPrueba\PRACTICAS\SEGUIDOR\SL\LCD_4.inc
              LCD_COMANDO   0x000150    program     static I:\Micros\CodigosPrueba\PRACTICAS\SEGUIDOR\SL\LCD_4.inc
             LCD_CURSORON   0x00011e    program     static I:\Micros\CodigosPrueba\PRACTICAS\SEGUIDOR\SL\LCD_4.inc
                 LCD_DECR   0x00010c    program     static I:\Micros\CodigosPrueba\PRACTICAS\SEGUIDOR\SL\LCD_4.inc
                 LCD_INCR   0x000124    program     static I:\Micros\CodigosPrueba\PRACTICAS\SEGUIDOR\SL\LCD_4.inc
               LCD_LINEA1   0x000112    program     static I:\Micros\CodigosPrueba\PRACTICAS\SEGUIDOR\SL\LCD_4.inc
               LCD_LINEA2   0x000118    program     static I:\Micros\CodigosPrueba\PRACTICAS\SEGUIDOR\SL\LCD_4.inc
          LCD_RETURN_HOME   0x000106    program     static I:\Micros\CodigosPrueba\PRACTICAS\SEGUIDOR\SL\LCD_4.inc
                  LCD_SET   0x00013c    program     static I:\Micros\CodigosPrueba\PRACTICAS\SEGUIDOR\SL\LCD_4.inc
                LCD_SETUP   0x0000c6    program     static I:\Micros\CodigosPrueba\PRACTICAS\SEGUIDOR\SL\LCD_4.inc
                     LOOP   0x00008c    program     static I:\Micros\CodigosPrueba\PRACTICAS\SEGUIDOR\SL\PROTOTIPO.asm
                 MOTORDER   0x0004fa    program     static I:\Micros\CodigosPrueba\PRACTICAS\SEGUIDOR\SL\BARRIDO.inc
                 MOTORIZQ   0x0004c0    program     static I:\Micros\CodigosPrueba\PRACTICAS\SEGUIDOR\SL\BARRIDO.inc
                    NEXT0   0x000326    program     static I:\Micros\CodigosPrueba\PRACTICAS\SEGUIDOR\SL\BARRIDO.inc
                    NEXT5   0x0003ce    program     static I:\Micros\CodigosPrueba\PRACTICAS\SEGUIDOR\SL\BARRIDO.inc
                    NEXT6   0x0003fc    program     static I:\Micros\CodigosPrueba\PRACTICAS\SEGUIDOR\SL\BARRIDO.inc
                    NEXT8   0x000458    program     static I:\Micros\CodigosPrueba\PRACTICAS\SEGUIDOR\SL\BARRIDO.inc
                    NEXT9   0x000486    program     static I:\Micros\CodigosPrueba\PRACTICAS\SEGUIDOR\SL\BARRIDO.inc
                    NEXTB   0x00042a    program     static I:\Micros\CodigosPrueba\PRACTICAS\SEGUIDOR\SL\BARRIDO.inc
                    NEXTD   0x000382    program     static I:\Micros\CodigosPrueba\PRACTICAS\SEGUIDOR\SL\BARRIDO.inc
                   NEXTF1   0x000382    program     static I:\Micros\CodigosPrueba\PRACTICAS\SEGUIDOR\SL\BARRIDO.inc
                   NEXTF2   0x0003a0    program     static I:\Micros\CodigosPrueba\PRACTICAS\SEGUIDOR\SL\BARRIDO.inc
                   NEXTF3   0x00042a    program     static I:\Micros\CodigosPrueba\PRACTICAS\SEGUIDOR\SL\BARRIDO.inc
                 NEXTGATO   0x000354    program     static I:\Micros\CodigosPrueba\PRACTICAS\SEGUIDOR\SL\BARRIDO.inc
                    NUEVE   0x00041a    program     static I:\Micros\CodigosPrueba\PRACTICAS\SEGUIDOR\SL\BARRIDO.inc
                  NUMEROS   0x0000b0    program     static I:\Micros\CodigosPrueba\PRACTICAS\SEGUIDOR\SL\PROTOTIPO.asm
                     OCHO   0x0004a4    program     static I:\Micros\CodigosPrueba\PRACTICAS\SEGUIDOR\SL\BARRIDO.inc
                      OUT   0x000530    program     static I:\Micros\CodigosPrueba\PRACTICAS\SEGUIDOR\SL\BARRIDO.inc
                      PWM   0x0002aa    program     static I:\Micros\CodigosPrueba\PRACTICAS\SEGUIDOR\SL\PWMT.inc
                    RESTA   0x0002d2    program     static I:\Micros\CodigosPrueba\PRACTICAS\SEGUIDOR\SL\SOR.inc
                  RESTART   0x000238    program     static I:\Micros\CodigosPrueba\PRACTICAS\SEGUIDOR\SL\B2BCD.inc
             Retardo_20ms   0x0001d4    program     static I:\Micros\CodigosPrueba\PRACTICAS\SEGUIDOR\SL\LCD_4.inc
           Retardo_20ms_0   0x0001dc    program     static I:\Micros\CodigosPrueba\PRACTICAS\SEGUIDOR\SL\LCD_4.inc
              Retardo_2ms   0x000192    program     static I:\Micros\CodigosPrueba\PRACTICAS\SEGUIDOR\SL\LCD_4.inc
            Retardo_2ms_0   0x00019a    program     static I:\Micros\CodigosPrueba\PRACTICAS\SEGUIDOR\SL\LCD_4.inc
          Retardo_500ms_0   0x0001ba    program     static I:\Micros\CodigosPrueba\PRACTICAS\SEGUIDOR\SL\LCD_4.inc
             Retardo_50us   0x0001f0    program     static I:\Micros\CodigosPrueba\PRACTICAS\SEGUIDOR\SL\LCD_4.inc
           Retardo_50us_0   0x0001f4    program     static I:\Micros\CodigosPrueba\PRACTICAS\SEGUIDOR\SL\LCD_4.inc
              Retardo_5ms   0x000176    program     static I:\Micros\CodigosPrueba\PRACTICAS\SEGUIDOR\SL\LCD_4.inc
            Retardo_5ms_0   0x00017e    program     static I:\Micros\CodigosPrueba\PRACTICAS\SEGUIDOR\SL\LCD_4.inc
                   S120ms   0x0001e4    program     static I:\Micros\CodigosPrueba\PRACTICAS\SEGUIDOR\SL\LCD_4.inc
                    S12ms   0x0001a2    program     static I:\Micros\CodigosPrueba\PRACTICAS\SEGUIDOR\SL\LCD_4.inc
                  S1500ms   0x0001c2    program     static I:\Micros\CodigosPrueba\PRACTICAS\SEGUIDOR\SL\LCD_4.inc
                    S15ms   0x000186    program     static I:\Micros\CodigosPrueba\PRACTICAS\SEGUIDOR\SL\LCD_4.inc
                   S220ms   0x0001ee    program     static I:\Micros\CodigosPrueba\PRACTICAS\SEGUIDOR\SL\LCD_4.inc
                    S22ms   0x0001ac    program     static I:\Micros\CodigosPrueba\PRACTICAS\SEGUIDOR\SL\LCD_4.inc
                  S2500ms   0x0001c8    program     static I:\Micros\CodigosPrueba\PRACTICAS\SEGUIDOR\SL\LCD_4.inc
                    S25ms   0x000190    program     static I:\Micros\CodigosPrueba\PRACTICAS\SEGUIDOR\SL\LCD_4.inc
                  S3500ms   0x0001d2    program     static I:\Micros\CodigosPrueba\PRACTICAS\SEGUIDOR\SL\LCD_4.inc
                   SALIDA   0x0002dc    program     static I:\Micros\CodigosPrueba\PRACTICAS\SEGUIDOR\SL\SOR.inc
                     SEIS   0x0003ec    program     static I:\Micros\CodigosPrueba\PRACTICAS\SEGUIDOR\SL\BARRIDO.inc
                  SENSOR1   0x00025c    program     static I:\Micros\CodigosPrueba\PRACTICAS\SEGUIDOR\SL\SENSOR1.inc
                  SENSOR2   0x000284    program     static I:\Micros\CodigosPrueba\PRACTICAS\SEGUIDOR\SL\SENSOR2.inc
                    SIETE   0x000372    program     static I:\Micros\CodigosPrueba\PRACTICAS\SEGUIDOR\SL\BARRIDO.inc
                      SL1   0x000202    program     static I:\Micros\CodigosPrueba\PRACTICAS\SEGUIDOR\SL\B2BCD.inc
                      SL2   0x000210    program     static I:\Micros\CodigosPrueba\PRACTICAS\SEGUIDOR\SL\B2BCD.inc
                      SL3   0x00021e    program     static I:\Micros\CodigosPrueba\PRACTICAS\SEGUIDOR\SL\B2BCD.inc
                      SL4   0x00022c    program     static I:\Micros\CodigosPrueba\PRACTICAS\SEGUIDOR\SL\B2BCD.inc
                      SOR   0x0002bc    program     static I:\Micros\CodigosPrueba\PRACTICAS\SEGUIDOR\SL\SOR.inc
                     SUMA   0x0002c8    program     static I:\Micros\CodigosPrueba\PRACTICAS\SEGUIDOR\SL\SOR.inc
                    TEST1   0x000272    program     static I:\Micros\CodigosPrueba\PRACTICAS\SEGUIDOR\SL\SENSOR1.inc
                    TEST2   0x000298    program     static I:\Micros\CodigosPrueba\PRACTICAS\SEGUIDOR\SL\SENSOR2.inc
                     TRES   0x0003be    program     static I:\Micros\CodigosPrueba\PRACTICAS\SEGUIDOR\SL\BARRIDO.inc
                      UNO   0x000316    program     static I:\Micros\CodigosPrueba\PRACTICAS\SEGUIDOR\SL\BARRIDO.inc
                    start   0x000004    program     static I:\Micros\CodigosPrueba\PRACTICAS\SEGUIDOR\SL\PROTOTIPO.asm



                              Symbols - Sorted by Address
                     Name    Address   Location    Storage File                     
                ---------  ---------  ---------  --------- ---------                
                    start   0x000004    program     static I:\Micros\CodigosPrueba\PRACTICAS\SEGUIDOR\SL\PROTOTIPO.asm
                    AGAIN   0x000036    program     static I:\Micros\CodigosPrueba\PRACTICAS\SEGUIDOR\SL\PROTOTIPO.asm
                     LOOP   0x00008c    program     static I:\Micros\CodigosPrueba\PRACTICAS\SEGUIDOR\SL\PROTOTIPO.asm
                  NUMEROS   0x0000b0    program     static I:\Micros\CodigosPrueba\PRACTICAS\SEGUIDOR\SL\PROTOTIPO.asm
                LCD_SETUP   0x0000c6    program     static I:\Micros\CodigosPrueba\PRACTICAS\SEGUIDOR\SL\LCD_4.inc
          LCD_RETURN_HOME   0x000106    program     static I:\Micros\CodigosPrueba\PRACTICAS\SEGUIDOR\SL\LCD_4.inc
                 LCD_DECR   0x00010c    program     static I:\Micros\CodigosPrueba\PRACTICAS\SEGUIDOR\SL\LCD_4.inc
               LCD_LINEA1   0x000112    program     static I:\Micros\CodigosPrueba\PRACTICAS\SEGUIDOR\SL\LCD_4.inc
               LCD_LINEA2   0x000118    program     static I:\Micros\CodigosPrueba\PRACTICAS\SEGUIDOR\SL\LCD_4.inc
             LCD_CURSORON   0x00011e    program     static I:\Micros\CodigosPrueba\PRACTICAS\SEGUIDOR\SL\LCD_4.inc
                 LCD_INCR   0x000124    program     static I:\Micros\CodigosPrueba\PRACTICAS\SEGUIDOR\SL\LCD_4.inc
                LCD_BORRA   0x00012a    program     static I:\Micros\CodigosPrueba\PRACTICAS\SEGUIDOR\SL\LCD_4.inc
               DISPLAY_ON   0x000130    program     static I:\Micros\CodigosPrueba\PRACTICAS\SEGUIDOR\SL\LCD_4.inc
              LCD_2LINEAS   0x000136    program     static I:\Micros\CodigosPrueba\PRACTICAS\SEGUIDOR\SL\LCD_4.inc
                  LCD_SET   0x00013c    program     static I:\Micros\CodigosPrueba\PRACTICAS\SEGUIDOR\SL\LCD_4.inc
              LCD_COMANDO   0x000150    program     static I:\Micros\CodigosPrueba\PRACTICAS\SEGUIDOR\SL\LCD_4.inc
                   ENABLE   0x000162    program     static I:\Micros\CodigosPrueba\PRACTICAS\SEGUIDOR\SL\LCD_4.inc
             LCD_CARACTER   0x00016c    program     static I:\Micros\CodigosPrueba\PRACTICAS\SEGUIDOR\SL\LCD_4.inc
              Retardo_5ms   0x000176    program     static I:\Micros\CodigosPrueba\PRACTICAS\SEGUIDOR\SL\LCD_4.inc
            Retardo_5ms_0   0x00017e    program     static I:\Micros\CodigosPrueba\PRACTICAS\SEGUIDOR\SL\LCD_4.inc
                    S15ms   0x000186    program     static I:\Micros\CodigosPrueba\PRACTICAS\SEGUIDOR\SL\LCD_4.inc
                    S25ms   0x000190    program     static I:\Micros\CodigosPrueba\PRACTICAS\SEGUIDOR\SL\LCD_4.inc
              Retardo_2ms   0x000192    program     static I:\Micros\CodigosPrueba\PRACTICAS\SEGUIDOR\SL\LCD_4.inc
            Retardo_2ms_0   0x00019a    program     static I:\Micros\CodigosPrueba\PRACTICAS\SEGUIDOR\SL\LCD_4.inc
                    S12ms   0x0001a2    program     static I:\Micros\CodigosPrueba\PRACTICAS\SEGUIDOR\SL\LCD_4.inc
                    S22ms   0x0001ac    program     static I:\Micros\CodigosPrueba\PRACTICAS\SEGUIDOR\SL\LCD_4.inc
                    Delay   0x0001ae    program     static I:\Micros\CodigosPrueba\PRACTICAS\SEGUIDOR\SL\LCD_4.inc
          Retardo_500ms_0   0x0001ba    program     static I:\Micros\CodigosPrueba\PRACTICAS\SEGUIDOR\SL\LCD_4.inc
                  S1500ms   0x0001c2    program     static I:\Micros\CodigosPrueba\PRACTICAS\SEGUIDOR\SL\LCD_4.inc
                  S2500ms   0x0001c8    program     static I:\Micros\CodigosPrueba\PRACTICAS\SEGUIDOR\SL\LCD_4.inc
                  S3500ms   0x0001d2    program     static I:\Micros\CodigosPrueba\PRACTICAS\SEGUIDOR\SL\LCD_4.inc
             Retardo_20ms   0x0001d4    program     static I:\Micros\CodigosPrueba\PRACTICAS\SEGUIDOR\SL\LCD_4.inc
           Retardo_20ms_0   0x0001dc    program     static I:\Micros\CodigosPrueba\PRACTICAS\SEGUIDOR\SL\LCD_4.inc
                   S120ms   0x0001e4    program     static I:\Micros\CodigosPrueba\PRACTICAS\SEGUIDOR\SL\LCD_4.inc
                   S220ms   0x0001ee    program     static I:\Micros\CodigosPrueba\PRACTICAS\SEGUIDOR\SL\LCD_4.inc
             Retardo_50us   0x0001f0    program     static I:\Micros\CodigosPrueba\PRACTICAS\SEGUIDOR\SL\LCD_4.inc
           Retardo_50us_0   0x0001f4    program     static I:\Micros\CodigosPrueba\PRACTICAS\SEGUIDOR\SL\LCD_4.inc
                    B2BCD   0x0001fe    program     static I:\Micros\CodigosPrueba\PRACTICAS\SEGUIDOR\SL\B2BCD.inc
                      SL1   0x000202    program     static I:\Micros\CodigosPrueba\PRACTICAS\SEGUIDOR\SL\B2BCD.inc
                      SL2   0x000210    program     static I:\Micros\CodigosPrueba\PRACTICAS\SEGUIDOR\SL\B2BCD.inc
                      SL3   0x00021e    program     static I:\Micros\CodigosPrueba\PRACTICAS\SEGUIDOR\SL\B2BCD.inc
                      SL4   0x00022c    program     static I:\Micros\CodigosPrueba\PRACTICAS\SEGUIDOR\SL\B2BCD.inc
                  RESTART   0x000238    program     static I:\Micros\CodigosPrueba\PRACTICAS\SEGUIDOR\SL\B2BCD.inc
                 ENDB2BCD   0x000244    program     static I:\Micros\CodigosPrueba\PRACTICAS\SEGUIDOR\SL\B2BCD.inc
                   B2BCD2   0x000246    program     static I:\Micros\CodigosPrueba\PRACTICAS\SEGUIDOR\SL\B2BCD2.inc
                   CICLO1   0x00024c    program     static I:\Micros\CodigosPrueba\PRACTICAS\SEGUIDOR\SL\B2BCD2.inc
                    ENDED   0x00025a    program     static I:\Micros\CodigosPrueba\PRACTICAS\SEGUIDOR\SL\B2BCD2.inc
                  SENSOR1   0x00025c    program     static I:\Micros\CodigosPrueba\PRACTICAS\SEGUIDOR\SL\SENSOR1.inc
                    TEST1   0x000272    program     static I:\Micros\CodigosPrueba\PRACTICAS\SEGUIDOR\SL\SENSOR1.inc
                  SENSOR2   0x000284    program     static I:\Micros\CodigosPrueba\PRACTICAS\SEGUIDOR\SL\SENSOR2.inc
                    TEST2   0x000298    program     static I:\Micros\CodigosPrueba\PRACTICAS\SEGUIDOR\SL\SENSOR2.inc
                      PWM   0x0002aa    program     static I:\Micros\CodigosPrueba\PRACTICAS\SEGUIDOR\SL\PWMT.inc
                      SOR   0x0002bc    program     static I:\Micros\CodigosPrueba\PRACTICAS\SEGUIDOR\SL\SOR.inc
                     SUMA   0x0002c8    program     static I:\Micros\CodigosPrueba\PRACTICAS\SEGUIDOR\SL\SOR.inc
                    RESTA   0x0002d2    program     static I:\Micros\CodigosPrueba\PRACTICAS\SEGUIDOR\SL\SOR.inc
                   SALIDA   0x0002dc    program     static I:\Micros\CodigosPrueba\PRACTICAS\SEGUIDOR\SL\SOR.inc
                  BARRIDO   0x0002e6    program     static I:\Micros\CodigosPrueba\PRACTICAS\SEGUIDOR\SL\BARRIDO.inc
                      UNO   0x000316    program     static I:\Micros\CodigosPrueba\PRACTICAS\SEGUIDOR\SL\BARRIDO.inc
                    NEXT0   0x000326    program     static I:\Micros\CodigosPrueba\PRACTICAS\SEGUIDOR\SL\BARRIDO.inc
                   CUATRO   0x000344    program     static I:\Micros\CodigosPrueba\PRACTICAS\SEGUIDOR\SL\BARRIDO.inc
                 NEXTGATO   0x000354    program     static I:\Micros\CodigosPrueba\PRACTICAS\SEGUIDOR\SL\BARRIDO.inc
                    SIETE   0x000372    program     static I:\Micros\CodigosPrueba\PRACTICAS\SEGUIDOR\SL\BARRIDO.inc
                   NEXTF1   0x000382    program     static I:\Micros\CodigosPrueba\PRACTICAS\SEGUIDOR\SL\BARRIDO.inc
                    NEXTD   0x000382    program     static I:\Micros\CodigosPrueba\PRACTICAS\SEGUIDOR\SL\BARRIDO.inc
                     CERO   0x000398    program     static I:\Micros\CodigosPrueba\PRACTICAS\SEGUIDOR\SL\BARRIDO.inc
                   NEXTF2   0x0003a0    program     static I:\Micros\CodigosPrueba\PRACTICAS\SEGUIDOR\SL\BARRIDO.inc
                     TRES   0x0003be    program     static I:\Micros\CodigosPrueba\PRACTICAS\SEGUIDOR\SL\BARRIDO.inc
                    NEXT5   0x0003ce    program     static I:\Micros\CodigosPrueba\PRACTICAS\SEGUIDOR\SL\BARRIDO.inc
                     SEIS   0x0003ec    program     static I:\Micros\CodigosPrueba\PRACTICAS\SEGUIDOR\SL\BARRIDO.inc
                    NEXT6   0x0003fc    program     static I:\Micros\CodigosPrueba\PRACTICAS\SEGUIDOR\SL\BARRIDO.inc
                    NUEVE   0x00041a    program     static I:\Micros\CodigosPrueba\PRACTICAS\SEGUIDOR\SL\BARRIDO.inc
                   NEXTF3   0x00042a    program     static I:\Micros\CodigosPrueba\PRACTICAS\SEGUIDOR\SL\BARRIDO.inc
                    NEXTB   0x00042a    program     static I:\Micros\CodigosPrueba\PRACTICAS\SEGUIDOR\SL\BARRIDO.inc
                      DOS   0x000448    program     static I:\Micros\CodigosPrueba\PRACTICAS\SEGUIDOR\SL\BARRIDO.inc
                    NEXT8   0x000458    program     static I:\Micros\CodigosPrueba\PRACTICAS\SEGUIDOR\SL\BARRIDO.inc
                    CINCO   0x000476    program     static I:\Micros\CodigosPrueba\PRACTICAS\SEGUIDOR\SL\BARRIDO.inc
                    NEXT9   0x000486    program     static I:\Micros\CodigosPrueba\PRACTICAS\SEGUIDOR\SL\BARRIDO.inc
                     OCHO   0x0004a4    program     static I:\Micros\CodigosPrueba\PRACTICAS\SEGUIDOR\SL\BARRIDO.inc
               FINBARRIDO   0x0004b0    program     static I:\Micros\CodigosPrueba\PRACTICAS\SEGUIDOR\SL\BARRIDO.inc
                 MOTORIZQ   0x0004c0    program     static I:\Micros\CodigosPrueba\PRACTICAS\SEGUIDOR\SL\BARRIDO.inc
                 MOTORDER   0x0004fa    program     static I:\Micros\CodigosPrueba\PRACTICAS\SEGUIDOR\SL\BARRIDO.inc
                      OUT   0x000530    program     static I:\Micros\CodigosPrueba\PRACTICAS\SEGUIDOR\SL\BARRIDO.inc


