MPLINK 4.49, Linker
Linker Map File - Created Fri Nov 18 09:39:58 2022

                                 Section Info
                  Section       Type    Address   Location Size(Bytes)
                ---------  ---------  ---------  ---------  ---------
                   .org_0       code   0x000000    program   0x00025a
                   .cinit    romdata   0x00025a    program   0x000002
.config_300000_TEMPSENSOR.O    romdata   0x300000    program   0x000001
.config_300001_TEMPSENSOR.O    romdata   0x300001    program   0x000001
.config_300002_TEMPSENSOR.O    romdata   0x300002    program   0x000001
.config_300003_TEMPSENSOR.O    romdata   0x300003    program   0x000001
.config_300005_TEMPSENSOR.O    romdata   0x300005    program   0x000001
.config_300006_TEMPSENSOR.O    romdata   0x300006    program   0x000001
.config_300008_TEMPSENSOR.O    romdata   0x300008    program   0x000001
.config_300009_TEMPSENSOR.O    romdata   0x300009    program   0x000001
.config_30000A_TEMPSENSOR.O    romdata   0x30000a    program   0x000001
.config_30000B_TEMPSENSOR.O    romdata   0x30000b    program   0x000001
.config_30000C_TEMPSENSOR.O    romdata   0x30000c    program   0x000001
.config_30000D_TEMPSENSOR.O    romdata   0x30000d    program   0x000001



                              Program Memory Usage 
                               Start         End      
                           ---------   ---------      
                            0x000000    0x00025b      
                            0x300000    0x300003      
                            0x300005    0x300006      
                            0x300008    0x30000d      
            616 out of 33048 program addresses used, program memory utilization is 1%



                              Symbols - Sorted by Name
                     Name    Address   Location    Storage File                     
                ---------  ---------  ---------  --------- ---------                
                    B2BCD   0x000212    program     static I:\Micros\CodigosPrueba\PRACTICAS\PRACTICA8\B2BCD.inc
               DISPLAY_ON   0x000144    program     static I:\Micros\CodigosPrueba\PRACTICAS\PRACTICA8\LCD_4.inc
                    Delay   0x0001c2    program     static I:\Micros\CodigosPrueba\PRACTICAS\PRACTICA8\LCD_4.inc
                   ENABLE   0x000176    program     static I:\Micros\CodigosPrueba\PRACTICAS\PRACTICA8\LCD_4.inc
                 ENDB2BCD   0x000258    program     static I:\Micros\CodigosPrueba\PRACTICAS\PRACTICA8\B2BCD.inc
              LCD_2LINEAS   0x00014a    program     static I:\Micros\CodigosPrueba\PRACTICAS\PRACTICA8\LCD_4.inc
                LCD_BORRA   0x00013e    program     static I:\Micros\CodigosPrueba\PRACTICAS\PRACTICA8\LCD_4.inc
             LCD_CARACTER   0x000180    program     static I:\Micros\CodigosPrueba\PRACTICAS\PRACTICA8\LCD_4.inc
              LCD_COMANDO   0x000164    program     static I:\Micros\CodigosPrueba\PRACTICAS\PRACTICA8\LCD_4.inc
             LCD_CURSORON   0x000132    program     static I:\Micros\CodigosPrueba\PRACTICAS\PRACTICA8\LCD_4.inc
                 LCD_DECR   0x000120    program     static I:\Micros\CodigosPrueba\PRACTICAS\PRACTICA8\LCD_4.inc
                 LCD_INCR   0x000138    program     static I:\Micros\CodigosPrueba\PRACTICAS\PRACTICA8\LCD_4.inc
               LCD_LINEA1   0x000126    program     static I:\Micros\CodigosPrueba\PRACTICAS\PRACTICA8\LCD_4.inc
               LCD_LINEA2   0x00012c    program     static I:\Micros\CodigosPrueba\PRACTICAS\PRACTICA8\LCD_4.inc
          LCD_RETURN_HOME   0x00011a    program     static I:\Micros\CodigosPrueba\PRACTICAS\PRACTICA8\LCD_4.inc
                  LCD_SET   0x000150    program     static I:\Micros\CodigosPrueba\PRACTICAS\PRACTICA8\LCD_4.inc
                LCD_SETUP   0x0000da    program     static I:\Micros\CodigosPrueba\PRACTICAS\PRACTICA8\LCD_4.inc
                     LOOP   0x00003e    program     static I:\Micros\CodigosPrueba\PRACTICAS\PRACTICA8\TEMPSENSOR.asm
                  NUMEROS   0x0000c4    program     static I:\Micros\CodigosPrueba\PRACTICAS\PRACTICA8\TEMPSENSOR.asm
                     PROM   0x000050    program     static I:\Micros\CodigosPrueba\PRACTICAS\PRACTICA8\TEMPSENSOR.asm
                  RESTART   0x00024c    program     static I:\Micros\CodigosPrueba\PRACTICAS\PRACTICA8\B2BCD.inc
             Retardo_20ms   0x0001e8    program     static I:\Micros\CodigosPrueba\PRACTICAS\PRACTICA8\LCD_4.inc
           Retardo_20ms_0   0x0001f0    program     static I:\Micros\CodigosPrueba\PRACTICAS\PRACTICA8\LCD_4.inc
              Retardo_2ms   0x0001a6    program     static I:\Micros\CodigosPrueba\PRACTICAS\PRACTICA8\LCD_4.inc
            Retardo_2ms_0   0x0001ae    program     static I:\Micros\CodigosPrueba\PRACTICAS\PRACTICA8\LCD_4.inc
          Retardo_500ms_0   0x0001ce    program     static I:\Micros\CodigosPrueba\PRACTICAS\PRACTICA8\LCD_4.inc
             Retardo_50us   0x000204    program     static I:\Micros\CodigosPrueba\PRACTICAS\PRACTICA8\LCD_4.inc
           Retardo_50us_0   0x000208    program     static I:\Micros\CodigosPrueba\PRACTICAS\PRACTICA8\LCD_4.inc
              Retardo_5ms   0x00018a    program     static I:\Micros\CodigosPrueba\PRACTICAS\PRACTICA8\LCD_4.inc
            Retardo_5ms_0   0x000192    program     static I:\Micros\CodigosPrueba\PRACTICAS\PRACTICA8\LCD_4.inc
                   S120ms   0x0001f8    program     static I:\Micros\CodigosPrueba\PRACTICAS\PRACTICA8\LCD_4.inc
                    S12ms   0x0001b6    program     static I:\Micros\CodigosPrueba\PRACTICAS\PRACTICA8\LCD_4.inc
                  S1500ms   0x0001d6    program     static I:\Micros\CodigosPrueba\PRACTICAS\PRACTICA8\LCD_4.inc
                    S15ms   0x00019a    program     static I:\Micros\CodigosPrueba\PRACTICAS\PRACTICA8\LCD_4.inc
                   S220ms   0x000202    program     static I:\Micros\CodigosPrueba\PRACTICAS\PRACTICA8\LCD_4.inc
                    S22ms   0x0001c0    program     static I:\Micros\CodigosPrueba\PRACTICAS\PRACTICA8\LCD_4.inc
                  S2500ms   0x0001dc    program     static I:\Micros\CodigosPrueba\PRACTICAS\PRACTICA8\LCD_4.inc
                    S25ms   0x0001a4    program     static I:\Micros\CodigosPrueba\PRACTICAS\PRACTICA8\LCD_4.inc
                  S3500ms   0x0001e6    program     static I:\Micros\CodigosPrueba\PRACTICAS\PRACTICA8\LCD_4.inc
                      SL1   0x000216    program     static I:\Micros\CodigosPrueba\PRACTICAS\PRACTICA8\B2BCD.inc
                      SL2   0x000224    program     static I:\Micros\CodigosPrueba\PRACTICAS\PRACTICA8\B2BCD.inc
                      SL3   0x000232    program     static I:\Micros\CodigosPrueba\PRACTICAS\PRACTICA8\B2BCD.inc
                      SL4   0x000240    program     static I:\Micros\CodigosPrueba\PRACTICAS\PRACTICA8\B2BCD.inc
                    SUMA1   0x00005e    program     static I:\Micros\CodigosPrueba\PRACTICAS\PRACTICA8\TEMPSENSOR.asm
                     TEST   0x000052    program     static I:\Micros\CodigosPrueba\PRACTICAS\PRACTICA8\TEMPSENSOR.asm
                    start   0x000004    program     static I:\Micros\CodigosPrueba\PRACTICAS\PRACTICA8\TEMPSENSOR.asm



                              Symbols - Sorted by Address
                     Name    Address   Location    Storage File                     
                ---------  ---------  ---------  --------- ---------                
                    start   0x000004    program     static I:\Micros\CodigosPrueba\PRACTICAS\PRACTICA8\TEMPSENSOR.asm
                     LOOP   0x00003e    program     static I:\Micros\CodigosPrueba\PRACTICAS\PRACTICA8\TEMPSENSOR.asm
                     PROM   0x000050    program     static I:\Micros\CodigosPrueba\PRACTICAS\PRACTICA8\TEMPSENSOR.asm
                     TEST   0x000052    program     static I:\Micros\CodigosPrueba\PRACTICAS\PRACTICA8\TEMPSENSOR.asm
                    SUMA1   0x00005e    program     static I:\Micros\CodigosPrueba\PRACTICAS\PRACTICA8\TEMPSENSOR.asm
                  NUMEROS   0x0000c4    program     static I:\Micros\CodigosPrueba\PRACTICAS\PRACTICA8\TEMPSENSOR.asm
                LCD_SETUP   0x0000da    program     static I:\Micros\CodigosPrueba\PRACTICAS\PRACTICA8\LCD_4.inc
          LCD_RETURN_HOME   0x00011a    program     static I:\Micros\CodigosPrueba\PRACTICAS\PRACTICA8\LCD_4.inc
                 LCD_DECR   0x000120    program     static I:\Micros\CodigosPrueba\PRACTICAS\PRACTICA8\LCD_4.inc
               LCD_LINEA1   0x000126    program     static I:\Micros\CodigosPrueba\PRACTICAS\PRACTICA8\LCD_4.inc
               LCD_LINEA2   0x00012c    program     static I:\Micros\CodigosPrueba\PRACTICAS\PRACTICA8\LCD_4.inc
             LCD_CURSORON   0x000132    program     static I:\Micros\CodigosPrueba\PRACTICAS\PRACTICA8\LCD_4.inc
                 LCD_INCR   0x000138    program     static I:\Micros\CodigosPrueba\PRACTICAS\PRACTICA8\LCD_4.inc
                LCD_BORRA   0x00013e    program     static I:\Micros\CodigosPrueba\PRACTICAS\PRACTICA8\LCD_4.inc
               DISPLAY_ON   0x000144    program     static I:\Micros\CodigosPrueba\PRACTICAS\PRACTICA8\LCD_4.inc
              LCD_2LINEAS   0x00014a    program     static I:\Micros\CodigosPrueba\PRACTICAS\PRACTICA8\LCD_4.inc
                  LCD_SET   0x000150    program     static I:\Micros\CodigosPrueba\PRACTICAS\PRACTICA8\LCD_4.inc
              LCD_COMANDO   0x000164    program     static I:\Micros\CodigosPrueba\PRACTICAS\PRACTICA8\LCD_4.inc
                   ENABLE   0x000176    program     static I:\Micros\CodigosPrueba\PRACTICAS\PRACTICA8\LCD_4.inc
             LCD_CARACTER   0x000180    program     static I:\Micros\CodigosPrueba\PRACTICAS\PRACTICA8\LCD_4.inc
              Retardo_5ms   0x00018a    program     static I:\Micros\CodigosPrueba\PRACTICAS\PRACTICA8\LCD_4.inc
            Retardo_5ms_0   0x000192    program     static I:\Micros\CodigosPrueba\PRACTICAS\PRACTICA8\LCD_4.inc
                    S15ms   0x00019a    program     static I:\Micros\CodigosPrueba\PRACTICAS\PRACTICA8\LCD_4.inc
                    S25ms   0x0001a4    program     static I:\Micros\CodigosPrueba\PRACTICAS\PRACTICA8\LCD_4.inc
              Retardo_2ms   0x0001a6    program     static I:\Micros\CodigosPrueba\PRACTICAS\PRACTICA8\LCD_4.inc
            Retardo_2ms_0   0x0001ae    program     static I:\Micros\CodigosPrueba\PRACTICAS\PRACTICA8\LCD_4.inc
                    S12ms   0x0001b6    program     static I:\Micros\CodigosPrueba\PRACTICAS\PRACTICA8\LCD_4.inc
                    S22ms   0x0001c0    program     static I:\Micros\CodigosPrueba\PRACTICAS\PRACTICA8\LCD_4.inc
                    Delay   0x0001c2    program     static I:\Micros\CodigosPrueba\PRACTICAS\PRACTICA8\LCD_4.inc
          Retardo_500ms_0   0x0001ce    program     static I:\Micros\CodigosPrueba\PRACTICAS\PRACTICA8\LCD_4.inc
                  S1500ms   0x0001d6    program     static I:\Micros\CodigosPrueba\PRACTICAS\PRACTICA8\LCD_4.inc
                  S2500ms   0x0001dc    program     static I:\Micros\CodigosPrueba\PRACTICAS\PRACTICA8\LCD_4.inc
                  S3500ms   0x0001e6    program     static I:\Micros\CodigosPrueba\PRACTICAS\PRACTICA8\LCD_4.inc
             Retardo_20ms   0x0001e8    program     static I:\Micros\CodigosPrueba\PRACTICAS\PRACTICA8\LCD_4.inc
           Retardo_20ms_0   0x0001f0    program     static I:\Micros\CodigosPrueba\PRACTICAS\PRACTICA8\LCD_4.inc
                   S120ms   0x0001f8    program     static I:\Micros\CodigosPrueba\PRACTICAS\PRACTICA8\LCD_4.inc
                   S220ms   0x000202    program     static I:\Micros\CodigosPrueba\PRACTICAS\PRACTICA8\LCD_4.inc
             Retardo_50us   0x000204    program     static I:\Micros\CodigosPrueba\PRACTICAS\PRACTICA8\LCD_4.inc
           Retardo_50us_0   0x000208    program     static I:\Micros\CodigosPrueba\PRACTICAS\PRACTICA8\LCD_4.inc
                    B2BCD   0x000212    program     static I:\Micros\CodigosPrueba\PRACTICAS\PRACTICA8\B2BCD.inc
                      SL1   0x000216    program     static I:\Micros\CodigosPrueba\PRACTICAS\PRACTICA8\B2BCD.inc
                      SL2   0x000224    program     static I:\Micros\CodigosPrueba\PRACTICAS\PRACTICA8\B2BCD.inc
                      SL3   0x000232    program     static I:\Micros\CodigosPrueba\PRACTICAS\PRACTICA8\B2BCD.inc
                      SL4   0x000240    program     static I:\Micros\CodigosPrueba\PRACTICAS\PRACTICA8\B2BCD.inc
                  RESTART   0x00024c    program     static I:\Micros\CodigosPrueba\PRACTICAS\PRACTICA8\B2BCD.inc
                 ENDB2BCD   0x000258    program     static I:\Micros\CodigosPrueba\PRACTICAS\PRACTICA8\B2BCD.inc


