MPLINK 4.49, Linker
Linker Map File - Created Wed Sep 14 21:42:53 2022

                                 Section Info
                  Section       Type    Address   Location Size(Bytes)
                ---------  ---------  ---------  ---------  ---------
                   .org_0       code   0x000000    program   0x00009e
                   .cinit    romdata   0x00009e    program   0x000002
.config_300000_PRACTICA2-2.0.O    romdata   0x300000    program   0x000001
.config_300001_PRACTICA2-2.0.O    romdata   0x300001    program   0x000001
.config_300002_PRACTICA2-2.0.O    romdata   0x300002    program   0x000001
.config_300003_PRACTICA2-2.0.O    romdata   0x300003    program   0x000001
.config_300005_PRACTICA2-2.0.O    romdata   0x300005    program   0x000001
.config_300006_PRACTICA2-2.0.O    romdata   0x300006    program   0x000001
.config_300008_PRACTICA2-2.0.O    romdata   0x300008    program   0x000001
.config_300009_PRACTICA2-2.0.O    romdata   0x300009    program   0x000001
.config_30000A_PRACTICA2-2.0.O    romdata   0x30000a    program   0x000001
.config_30000B_PRACTICA2-2.0.O    romdata   0x30000b    program   0x000001
.config_30000C_PRACTICA2-2.0.O    romdata   0x30000c    program   0x000001
.config_30000D_PRACTICA2-2.0.O    romdata   0x30000d    program   0x000001



                              Program Memory Usage 
                               Start         End      
                           ---------   ---------      
                            0x000000    0x00009f      
                            0x300000    0x300003      
                            0x300005    0x300006      
                            0x300008    0x30000d      
            172 out of 33048 program addresses used, program memory utilization is 0%



                              Symbols - Sorted by Name
                     Name    Address   Location    Storage File                     
                ---------  ---------  ---------  --------- ---------                
                 DISPLAYS   0x000088    program     static C:\Users\DiAl_\OneDrive\Escritorio\Documentos\UAN\9no Semestre\Micros\CodigosPrueba\PRACTICAS\PRACTICA2\PRACTICA2-2.0.asm
                    Delay   0x000068    program     static C:\Users\DiAl_\OneDrive\Escritorio\Documentos\UAN\9no Semestre\Micros\CodigosPrueba\PRACTICAS\PRACTICA2\PRACTICA2-2.0.asm
                  Delay_0   0x000074    program     static C:\Users\DiAl_\OneDrive\Escritorio\Documentos\UAN\9no Semestre\Micros\CodigosPrueba\PRACTICAS\PRACTICA2\PRACTICA2-2.0.asm
                     LOOP   0x000042    program     static C:\Users\DiAl_\OneDrive\Escritorio\Documentos\UAN\9no Semestre\Micros\CodigosPrueba\PRACTICAS\PRACTICA2\PRACTICA2-2.0.asm
                   SALTO1   0x00007c    program     static C:\Users\DiAl_\OneDrive\Escritorio\Documentos\UAN\9no Semestre\Micros\CodigosPrueba\PRACTICAS\PRACTICA2\PRACTICA2-2.0.asm
                   SALTO2   0x000082    program     static C:\Users\DiAl_\OneDrive\Escritorio\Documentos\UAN\9no Semestre\Micros\CodigosPrueba\PRACTICAS\PRACTICA2\PRACTICA2-2.0.asm
                      SL1   0x000026    program     static C:\Users\DiAl_\OneDrive\Escritorio\Documentos\UAN\9no Semestre\Micros\CodigosPrueba\PRACTICAS\PRACTICA2\PRACTICA2-2.0.asm
                      SL2   0x000034    program     static C:\Users\DiAl_\OneDrive\Escritorio\Documentos\UAN\9no Semestre\Micros\CodigosPrueba\PRACTICAS\PRACTICA2\PRACTICA2-2.0.asm
                    start   0x000004    program     static C:\Users\DiAl_\OneDrive\Escritorio\Documentos\UAN\9no Semestre\Micros\CodigosPrueba\PRACTICAS\PRACTICA2\PRACTICA2-2.0.asm



                              Symbols - Sorted by Address
                     Name    Address   Location    Storage File                     
                ---------  ---------  ---------  --------- ---------                
                    start   0x000004    program     static C:\Users\DiAl_\OneDrive\Escritorio\Documentos\UAN\9no Semestre\Micros\CodigosPrueba\PRACTICAS\PRACTICA2\PRACTICA2-2.0.asm
                      SL1   0x000026    program     static C:\Users\DiAl_\OneDrive\Escritorio\Documentos\UAN\9no Semestre\Micros\CodigosPrueba\PRACTICAS\PRACTICA2\PRACTICA2-2.0.asm
                      SL2   0x000034    program     static C:\Users\DiAl_\OneDrive\Escritorio\Documentos\UAN\9no Semestre\Micros\CodigosPrueba\PRACTICAS\PRACTICA2\PRACTICA2-2.0.asm
                     LOOP   0x000042    program     static C:\Users\DiAl_\OneDrive\Escritorio\Documentos\UAN\9no Semestre\Micros\CodigosPrueba\PRACTICAS\PRACTICA2\PRACTICA2-2.0.asm
                    Delay   0x000068    program     static C:\Users\DiAl_\OneDrive\Escritorio\Documentos\UAN\9no Semestre\Micros\CodigosPrueba\PRACTICAS\PRACTICA2\PRACTICA2-2.0.asm
                  Delay_0   0x000074    program     static C:\Users\DiAl_\OneDrive\Escritorio\Documentos\UAN\9no Semestre\Micros\CodigosPrueba\PRACTICAS\PRACTICA2\PRACTICA2-2.0.asm
                   SALTO1   0x00007c    program     static C:\Users\DiAl_\OneDrive\Escritorio\Documentos\UAN\9no Semestre\Micros\CodigosPrueba\PRACTICAS\PRACTICA2\PRACTICA2-2.0.asm
                   SALTO2   0x000082    program     static C:\Users\DiAl_\OneDrive\Escritorio\Documentos\UAN\9no Semestre\Micros\CodigosPrueba\PRACTICAS\PRACTICA2\PRACTICA2-2.0.asm
                 DISPLAYS   0x000088    program     static C:\Users\DiAl_\OneDrive\Escritorio\Documentos\UAN\9no Semestre\Micros\CodigosPrueba\PRACTICAS\PRACTICA2\PRACTICA2-2.0.asm


